NAME
    pycontext_manager

CLASSES
    pybind11_builtins.pybind11_object(builtins.object)
        ProxyRAII

    class ProxyRAII(pybind11_builtins.pybind11_object)
     |  Method resolution order:
     |      ProxyRAII
     |      pybind11_builtins.pybind11_object
     |      builtins.object
     |
     |  Methods defined here:
     |
     |  __enter__(...)
     |      __enter__(self: pycontext_manager.ProxyRAII) -> None
     |
     |  __exit__(...)
     |      __exit__(self: pycontext_manager.ProxyRAII, exc_type: object, exc_value: object, traceback: object) -> None
     |
     |  __init__(...)
     |      __init__(self: pycontext_manager.ProxyRAII) -> None
     |
     |  ----------------------------------------------------------------------
     |  Static methods inherited from pybind11_builtins.pybind11_object:
     |
     |  __new__(*args, **kwargs) from pybind11_builtins.pybind11_type
     |      Create and return a new object.  See help(type) for accurate signature.

FUNCTIONS
    get_global_instance_counter(...) method of builtins.PyCapsule instance
        get_global_instance_counter() -> int

