NAME
    pyexample

CLASSES
    pybind11_builtins.pybind11_object(builtins.object)
        Example

    class Example(pybind11_builtins.pybind11_object)
     |  Method resolution order:
     |      Example
     |      pybind11_builtins.pybind11_object
     |      builtins.object
     |
     |  Methods defined here:
     |
     |  __init__(...)
     |      __init__(*args, **kwargs)
     |      Overloaded function.
     |
     |      1. __init__(self: pyexample.Example) -> None
     |
     |      2. __init__(self: pyexample.Example, arg0: pyexample.Example) -> None
     |
     |  calculate(...)
     |      calculate(self: pyexample.Example, some_argument: int = 5) -> int
     |
     |      Do a complicated calculation.
     |
     |  ----------------------------------------------------------------------
     |  Data descriptors defined here:
     |
     |  something
     |
     |  ----------------------------------------------------------------------
     |  Static methods inherited from pybind11_builtins.pybind11_object:
     |
     |  __new__(*args, **kwargs) from pybind11_builtins.pybind11_type
     |      Create and return a new object.  See help(type) for accurate signature.

