NAME
    pyreference_member

CLASSES
    pybind11_builtins.pybind11_object(builtins.object)
        Nested
        ReferenceMember

    class Nested(pybind11_builtins.pybind11_object)
     |  Method resolution order:
     |      Nested
     |      pybind11_builtins.pybind11_object
     |      builtins.object
     |
     |  Methods defined here:
     |
     |  __init__(...)
     |      __init__(*args, **kwargs)
     |      Overloaded function.
     |
     |      1. __init__(self: pyreference_member.Nested, value: int = 0) -> None
     |
     |      2. __init__(self: pyreference_member.Nested, arg0: pyreference_member.Nested) -> None
     |
     |  ----------------------------------------------------------------------
     |  Data descriptors defined here:
     |
     |  value
     |
     |  ----------------------------------------------------------------------
     |  Static methods inherited from pybind11_builtins.pybind11_object:
     |
     |  __new__(*args, **kwargs) from pybind11_builtins.pybind11_type
     |      Create and return a new object.  See help(type) for accurate signature.

    class ReferenceMember(pybind11_builtins.pybind11_object)
     |  Method resolution order:
     |      ReferenceMember
     |      pybind11_builtins.pybind11_object
     |      builtins.object
     |
     |  Methods defined here:
     |
     |  __init__(...)
     |      __init__(*args, **kwargs)
     |      Overloaded function.
     |
     |      1. __init__(self: pyreference_member.ReferenceMember, n: pyreference_member.Nested) -> None
     |
     |      2. __init__(self: pyreference_member.ReferenceMember, arg0: pyreference_member.ReferenceMember) -> None
     |
     |  ----------------------------------------------------------------------
     |  Data descriptors defined here:
     |
     |  nested
     |
     |  ----------------------------------------------------------------------
     |  Static methods inherited from pybind11_builtins.pybind11_object:
     |
     |  __new__(*args, **kwargs) from pybind11_builtins.pybind11_type
     |      Create and return a new object.  See help(type) for accurate signature.

